// Jest Snapshot v1, https://goo.gl/fbAQLP

exports[`createDbSyncMetadataService query transaction metadata by tx hashes 1`] = `
Map {
  "545c4656544054045f5a4db0e962f6b09fc6d98b0303d42f3f006e3d920d3720" => Map {
    1968n => Map {
      "ADABTC" => Array [
        Map {
          "value" => "0.00002692",
          "source" => "coinGecko",
        },
      ],
      "ADAEUR" => Array [
        Map {
          "value" => "1.18",
          "source" => "coinGecko",
        },
      ],
      "ADAJPY" => Array [
        Map {
          "value" => "151.53",
          "source" => "coinGecko",
        },
      ],
      "ADAUSD" => Array [
        Map {
          "value" => "1.33",
          "source" => "coinGecko",
        },
      ],
      "BTCDIFF" => Array [
        Map {
          "value" => "24195286980613.62",
          "source" => "trezor",
        },
      ],
    },
  },
  "3d2278e9cef71c79720a11bc3e08acbbd5f2175f7015d358c867fc9b419ae0b2" => Map {
    1968n => Map {
      "LQADA" => Array [
        Map {
          "value" => "0.00006725",
          "source" => "muesliswap",
        },
      ],
      "ADABTC" => Array [
        Map {
          "value" => "0.00002789",
          "source" => "coinGecko",
        },
      ],
      "ADAEUR" => Array [
        Map {
          "value" => "0.934303",
          "source" => "coinGecko",
        },
      ],
      "ADAJPY" => Array [
        Map {
          "value" => "119.97",
          "source" => "coinGecko",
        },
      ],
      "ADAUSD" => Array [
        Map {
          "value" => "1.04",
          "source" => "coinGecko",
        },
      ],
      "WMTADA" => Array [
        Map {
          "value" => "7.95e-7",
          "source" => "muesliswap",
        },
      ],
      "BTCDIFF" => Array [
        Map {
          "value" => "26643185256535.46",
          "source" => "trezor",
        },
      ],
      "HoskyADA" => Array [
        Map {
          "value" => "5.9e-8",
          "source" => "muesliswap",
        },
      ],
      "SpacecoinsADA" => Array [
        Map {
          "value" => "0.00955",
          "source" => "muesliswap",
        },
      ],
    },
  },
}
`;
